[    0.000000] Initializing cgroup subsys cpuset
[    0.000000] Initializing cgroup subsys cpu
[    0.000000] Initializing cgroup subsys cpuacct
[    0.000000] Linux version 4.4.0-176-generic (buildd@lgw01-amd64-035) (gcc version 5.4.0 20160609 (Ubuntu 5.4.0-6ubuntu1~16.04.12) ) #206-Ubuntu SMP Fri Feb 28 05:02:04 UTC 2020 (Ubuntu 4.4.0-176.206-generic 4.4.211)
[    0.000000] Command line: BOOT_IMAGE=/boot/vmlinuz-4.4.0-176-generic root=LABEL=cloudimg-rootfs ro console=tty1 console=ttyS0
[    0.000000] KERNEL supported cpus:
[    0.000000]   Intel GenuineIntel
[    0.000000]   AMD AuthenticAMD
[    0.000000]   Centaur CentaurHauls
[    0.000000] x86/fpu: xstate_offset[2]:  576, xstate_sizes[2]:  256
[    0.000000] x86/fpu: Supporting XSAVE feature 0x01: 'x87 floating point registers'
[    0.000000] x86/fpu: Supporting XSAVE feature 0x02: 'SSE registers'
[    0.000000] x86/fpu: Supporting XSAVE feature 0x04: 'AVX registers'
[    0.000000] x86/fpu: Enabled xstate features 0x7, context size is 832 bytes, using 'standard' format.
[    0.000000] e820: BIOS-provided physical RAM map:
[    0.000000] BIOS-e820: [mem 0x0000000000000000-0x000000000009fbff] usable
[    0.000000] BIOS-e820: [mem 0x000000000009fc00-0x000000000009ffff] reserved
[    0.000000] BIOS-e820: [mem 0x00000000000f0000-0x00000000000fffff] reserved
[    0.000000] BIOS-e820: [mem 0x0000000000100000-0x000000003ffeffff] usable
[    0.000000] BIOS-e820: [mem 0x000000003fff0000-0x000000003fffffff] ACPI data
[    0.000000] BIOS-e820: [mem 0x00000000fec00000-0x00000000fec00fff] reserved
[    0.000000] BIOS-e820: [mem 0x00000000fee00000-0x00000000fee00fff] reserved
[    0.000000] BIOS-e820: [mem 0x00000000fffc0000-0x00000000ffffffff] reserved
[    0.000000] NX (Execute Disable) protection: active
[    0.000000] SMBIOS 2.5 present.
[    0.000000] Hypervisor detected: KVM
[    0.000000] e820: last_pfn = 0x3fff0 max_arch_pfn = 0x400000000
[    0.000000] MTRR: Disabled
[    0.000000] x86/PAT: MTRRs disabled, skipping PAT initialization too.
[    0.000000] CPU MTRRs all blank - virtualized system.
[    0.000000] x86/PAT: Configuration [0-7]: WB  WT  UC- UC  WB  WT  UC- UC  
[    0.000000] found SMP MP-table at [mem 0x0009fff0-0x0009ffff] mapped at [ffff88000009fff0]
[    0.000000] Scanning 1 areas for low memory corruption
[    0.000000] RAMDISK: [mem 0x362e0000-0x37167fff]
[    0.000000] ACPI: Early table checksum verification disabled
[    0.000000] ACPI: RSDP 0x00000000000E0000 000024 (v02 VBOX  )
[    0.000000] ACPI: XSDT 0x000000003FFF0030 00003C (v01 VBOX   VBOXXSDT 00000001 ASL  00000061)
[    0.000000] ACPI: FACP 0x000000003FFF00F0 0000F4 (v04 VBOX   VBOXFACP 00000001 ASL  00000061)
[    0.000000] ACPI: DSDT 0x000000003FFF0470 002325 (v02 VBOX   VBOXBIOS 00000002 INTL 20100528)
[    0.000000] ACPI: FACS 0x000000003FFF0200 000040
[    0.000000] ACPI: FACS 0x000000003FFF0200 000040
[    0.000000] ACPI: APIC 0x000000003FFF0240 00005C (v02 VBOX   VBOXAPIC 00000001 ASL  00000061)
[    0.000000] ACPI: SSDT 0x000000003FFF02A0 0001CC (v01 VBOX   VBOXCPUT 00000002 INTL 20100528)
[    0.000000] No NUMA configuration found
[    0.000000] Faking a node at [mem 0x0000000000000000-0x000000003ffeffff]
[    0.000000] NODE_DATA(0) allocated [mem 0x3ffeb000-0x3ffeffff]
[    0.000000] kvm-clock: Using msrs 4b564d01 and 4b564d00
[    0.000000] kvm-clock: cpu 0, msr 0:3ffe3001, primary cpu clock
[    0.000000] kvm-clock: using sched offset of 5581320319 cycles
[    0.000000] clocksource: kvm-clock: mask: 0xffffffffffffffff max_cycles: 0x1cd42e4dffb, max_idle_ns: 881590591483 ns
[    0.000000] Zone ranges:
[    0.000000]   DMA      [mem 0x0000000000001000-0x0000000000ffffff]
[    0.000000]   DMA32    [mem 0x0000000001000000-0x000000003ffeffff]
[    0.000000]   Normal   empty
[    0.000000]   Device   empty
[    0.000000] Movable zone start for each node
[    0.000000] Early memory node ranges
[    0.000000]   node   0: [mem 0x0000000000001000-0x000000000009efff]
[    0.000000]   node   0: [mem 0x0000000000100000-0x000000003ffeffff]
[    0.000000] Initmem setup node 0 [mem 0x0000000000001000-0x000000003ffeffff]
[    0.000000] ACPI: PM-Timer IO Port: 0x4008
[    0.000000] IOAPIC[0]: apic_id 2, version 32, address 0xfec00000, GSI 0-23
[    0.000000] ACPI: INT_SRC_OVR (bus 0 bus_irq 0 global_irq 2 dfl dfl)
[    0.000000] ACPI: INT_SRC_OVR (bus 0 bus_irq 9 global_irq 9 low level)
[    0.000000] Using ACPI (MADT) for SMP configuration information
[    0.000000] smpboot: Allowing 2 CPUs, 0 hotplug CPUs
[    0.000000] PM: Registered nosave memory: [mem 0x00000000-0x00000fff]
[    0.000000] PM: Registered nosave memory: [mem 0x0009f000-0x0009ffff]
[    0.000000] PM: Registered nosave memory: [mem 0x000a0000-0x000effff]
[    0.000000] PM: Registered nosave memory: [mem 0x000f0000-0x000fffff]
[    0.000000] e820: [mem 0x40000000-0xfebfffff] available for PCI devices
[    0.000000] Booting paravirtualized kernel on KVM
[    0.000000] clocksource: refined-jiffies: mask: 0xffffffff max_cycles: 0xffffffff, max_idle_ns: 7645519600211568 ns
[    0.000000] setup_percpu: NR_CPUS:512 nr_cpumask_bits:512 nr_cpu_ids:2 nr_node_ids:1
[    0.000000] PERCPU: Embedded 33 pages/cpu @ffff88003fc00000 s95448 r8192 d31528 u1048576
[    0.000000] Built 1 zonelists in Node order, mobility grouping on.  Total pages: 257912
[    0.000000] Policy zone: DMA32
[    0.000000] Kernel command line: BOOT_IMAGE=/boot/vmlinuz-4.4.0-176-generic root=LABEL=cloudimg-rootfs ro console=tty1 console=ttyS0
[    0.000000] PID hash table entries: 4096 (order: 3, 32768 bytes)
[    0.000000] Memory: 997672K/1048120K available (8626K kernel code, 1336K rwdata, 4032K rodata, 1488K init, 1292K bss, 50448K reserved, 0K cma-reserved)
[    0.000000] SLUB: HWalign=64, Order=0-3, MinObjects=0, CPUs=2, Nodes=1
[    0.000000] Kernel/User page tables isolation: enabled
[    0.000000] Hierarchical RCU implementation.
[    0.000000] 	Build-time adjustment of leaf fanout to 64.
[    0.000000] 	RCU restricting CPUs from NR_CPUS=512 to nr_cpu_ids=2.
[    0.000000] RCU: Adjusting geometry for rcu_fanout_leaf=64, nr_cpu_ids=2
[    0.000000] NR_IRQS:33024 nr_irqs:440 16
[    0.000000] Console: colour VGA+ 80x25
[    0.000000] console [tty1] enabled
[    0.000000] console [ttyS0] enabled
[    0.000000] tsc: Detected 1599.999 MHz processor
[    0.235807] Calibrating delay loop (skipped) preset value.. 3199.99 BogoMIPS (lpj=6399996)
[    0.238897] pid_max: default: 32768 minimum: 301
[    0.240561] ACPI: Core revision 20150930
[    0.243151] ACPI: 2 ACPI AML tables successfully acquired and loaded
[    0.245550] Security Framework initialized
[    0.246821] Yama: becoming mindful.
[    0.248824] AppArmor: AppArmor initialized
[    0.250295] Dentry cache hash table entries: 131072 (order: 8, 1048576 bytes)
[    0.254463] Inode-cache hash table entries: 65536 (order: 7, 524288 bytes)
[    0.256829] Mount-cache hash table entries: 2048 (order: 2, 16384 bytes)
[    0.259695] Mountpoint-cache hash table entries: 2048 (order: 2, 16384 bytes)
[    0.261826] Initializing cgroup subsys io
[    0.263601] Initializing cgroup subsys memory
[    0.264945] Initializing cgroup subsys devices
[    0.266333] Initializing cgroup subsys freezer
[    0.268647] Initializing cgroup subsys net_cls
[    0.270268] Initializing cgroup subsys perf_event
[    0.271805] Initializing cgroup subsys net_prio
[    0.273382] Initializing cgroup subsys hugetlb
[    0.275148] Initializing cgroup subsys pids
[    0.277822] mce: CPU supports 0 MCE banks
[    0.279296] Last level iTLB entries: 4KB 64, 2MB 8, 4MB 8
[    0.280971] Last level dTLB entries: 4KB 64, 2MB 0, 4MB 0, 1GB 4
[    0.284064] Spectre V1 : Mitigation: usercopy/swapgs barriers and __user pointer sanitization
[    0.287941] Spectre V2 : Mitigation: Full generic retpoline
[    0.289729] Spectre V2 : Spectre v2 / SpectreRSB mitigation: Filling RSB on context switch
[    0.294596] Speculative Store Bypass: Vulnerable
[    0.296346] MDS: Mitigation: Clear CPU buffers
[    0.301499] Freeing SMP alternatives memory: 36K
[    0.312692] ftrace: allocating 32305 entries in 127 pages
[    0.392606] smpboot: APIC(0) Converting physical 0 to logical package 0
[    0.394595] smpboot: Max logical packages: 1
[    0.396504] x2apic enabled
[    0.398378] Switched APIC routing to physical x2apic.
[    0.401480] ..TIMER: vector=0x30 apic1=0 pin1=2 apic2=-1 pin2=-1
[    0.511757] smpboot: CPU0: Intel(R) Core(TM) i5-5250U CPU @ 1.60GHz (family: 0x6, model: 0x3d, stepping: 0x4)
[    0.515622] Performance Events: unsupported p6 CPU model 61 no PMU driver, software events only.
[    0.532852] KVM setup paravirtual spinlock
[    0.535254] x86: Booting SMP configuration:
[    0.536800] .... node  #0, CPUs:      #1
[    0.538705] kvm-clock: cpu 1, msr 0:3ffe3041, secondary cpu clock
[    0.541694] mce: CPU supports 0 MCE banks
[    0.545005] x86: Booted up 1 node, 2 CPUs
[    0.546931] smpboot: Total of 2 processors activated (6399.99 BogoMIPS)
[    0.552775] devtmpfs: initialized
[    0.555789] evm: security.selinux
[    0.558866] evm: security.SMACK64
[    0.564012] evm: security.SMACK64EXEC
[    0.565699] evm: security.SMACK64TRANSMUTE
[    0.568303] evm: security.SMACK64MMAP
[    0.569880] evm: security.ima
[    0.571079] evm: security.capability
[    0.573771] clocksource: jiffies: mask: 0xffffffff max_cycles: 0xffffffff, max_idle_ns: 7645041785100000 ns
[    0.578378] futex hash table entries: 512 (order: 3, 32768 bytes)
[    0.581071] pinctrl core: initialized pinctrl subsystem
[    0.583798] RTC time: 15:31:37, date: 04/23/20
[    0.586317] NET: Registered protocol family 16
[    0.600703] cpuidle: using governor ladder
[    0.612403] cpuidle: using governor menu
[    0.614945] PCCT header not found.
[    0.617938] ACPI: bus type PCI registered
[    0.619664] acpiphp: ACPI Hot Plug PCI Controller Driver version: 0.5
[    0.622603] PCI: Using configuration type 1 for base access
[    0.638072] ACPI: Added _OSI(Module Device)
[    0.640243] ACPI: Added _OSI(Processor Device)
[    0.642540] ACPI: Added _OSI(3.0 _SCP Extensions)
[    0.644662] ACPI: Added _OSI(Processor Aggregator Device)
[    0.650504] ACPI: Executed 1 blocks of module-level executable AML code
[    0.660571] ACPI: Interpreter enabled
[    0.663191] ACPI: (supports S0 S5)
[    0.665977] ACPI: Using IOAPIC for interrupt routing
[    0.673074] PCI: Using host bridge windows from ACPI; if necessary, use "pci=nocrs" and report a bug
[    0.698095] ACPI: PCI Root Bridge [PCI0] (domain 0000 [bus 00-ff])
[    0.702400] acpi PNP0A03:00: _OSC: OS supports [ASPM ClockPM Segments MSI]
[    0.707767] acpi PNP0A03:00: _OSC: not requesting OS control; OS requires [ExtendedConfig ASPM ClockPM MSI]
[    0.715087] acpi PNP0A03:00: fail to add MMCONFIG information, can't access extended PCI configuration space under this bridge.
[    0.725132] PCI host bridge to bus 0000:00
[    0.727946] pci_bus 0000:00: root bus resource [io  0x0000-0x0cf7 window]
[    0.731785] pci_bus 0000:00: root bus resource [io  0x0d00-0xffff window]
[    0.736427] pci_bus 0000:00: root bus resource [mem 0x000a0000-0x000bffff window]
[    0.741631] pci_bus 0000:00: root bus resource [mem 0x40000000-0xfdffffff window]
[    0.746392] pci_bus 0000:00: root bus resource [bus 00-ff]
[    0.758088] pci 0000:00:01.1: legacy IDE quirk: reg 0x10: [io  0x01f0-0x01f7]
[    0.761225] pci 0000:00:01.1: legacy IDE quirk: reg 0x14: [io  0x03f6]
[    0.763614] pci 0000:00:01.1: legacy IDE quirk: reg 0x18: [io  0x0170-0x0177]
[    0.766219] pci 0000:00:01.1: legacy IDE quirk: reg 0x1c: [io  0x0376]
[    0.812136] pci 0000:00:07.0: quirk: [io  0x4000-0x403f] claimed by PIIX4 ACPI
[    0.814854] pci 0000:00:07.0: quirk: [io  0x4100-0x410f] claimed by PIIX4 SMB
[    0.835540] ACPI: PCI Interrupt Link [LNKA] (IRQs 5 9 10 *11)
[    0.838652] ACPI: PCI Interrupt Link [LNKB] (IRQs 5 9 *10 11)
[    0.842210] ACPI: PCI Interrupt Link [LNKC] (IRQs 5 *9 10 11)
[    0.846458] ACPI: PCI Interrupt Link [LNKD] (IRQs 5 9 10 *11)
[    0.849522] ACPI: Enabled 2 GPEs in block 00 to 07
[    0.851776] vgaarb: setting as boot device: PCI:0000:00:02.0
[    0.853671] vgaarb: device added: PCI:0000:00:02.0,decodes=io+mem,owns=io+mem,locks=none
[    0.856434] vgaarb: loaded
[    0.859140] vgaarb: bridge control possible 0000:00:02.0
[    0.861133] SCSI subsystem initialized
[    0.862754] ACPI: bus type USB registered
[    0.864103] usbcore: registered new interface driver usbfs
[    0.866131] usbcore: registered new interface driver hub
[    0.868453] usbcore: registered new device driver usb
[    0.870666] PCI: Using ACPI for IRQ routing
[    0.874811] NetLabel: Initializing
[    0.876632] NetLabel:  domain hash size = 128
[    0.879592] NetLabel:  protocols = UNLABELED CIPSOv4
[    0.881793] NetLabel:  unlabeled traffic allowed by default
[    0.884519] amd_nb: Cannot enumerate AMD northbridges
[    0.886723] clocksource: Switched to clocksource kvm-clock
[    0.904436] AppArmor: AppArmor Filesystem Enabled
[    0.906324] pnp: PnP ACPI init
[    0.909913] pnp: PnP ACPI: found 3 devices
[    0.925049] clocksource: acpi_pm: mask: 0xffffff max_cycles: 0xffffff, max_idle_ns: 2085701024 ns
[    0.928157] NET: Registered protocol family 2
[    0.929770] TCP established hash table entries: 8192 (order: 4, 65536 bytes)
[    0.932333] TCP bind hash table entries: 8192 (order: 5, 131072 bytes)
[    0.934556] TCP: Hash tables configured (established 8192 bind 8192)
[    0.936595] UDP hash table entries: 512 (order: 2, 16384 bytes)
[    0.938871] UDP-Lite hash table entries: 512 (order: 2, 16384 bytes)
[    0.941830] NET: Registered protocol family 1
[    0.945251] pci 0000:00:00.0: Limiting direct PCI/PCI transfers
[    0.947601] pci 0000:00:01.0: Activating ISA DMA hang workarounds
[    0.950348] Unpacking initramfs...
[    1.246004] Freeing initrd memory: 14880K
[    1.248032] RAPL PMU detected, API unit is 2^-32 Joules, 4 fixed counters 10737418240 ms ovfl timer
[    1.251421] hw unit of domain pp0-core 2^-0 Joules
[    1.253628] hw unit of domain package 2^-0 Joules
[    1.255086] hw unit of domain dram 2^-0 Joules
[    1.256736] hw unit of domain pp1-gpu 2^-0 Joules
[    1.259163] clocksource: tsc: mask: 0xffffffffffffffff max_cycles: 0x171023f09ff, max_idle_ns: 440795233615 ns
[    1.262822] platform rtc_cmos: registered platform RTC device (no PNP device found)
[    1.265410] Scanning for low memory corruption every 60 seconds
[    1.267843] audit: initializing netlink subsys (disabled)
[    1.269620] audit: type=2000 audit(1587655904.628:1): initialized
[    1.271680] Initialise system trusted keyring
[    1.273826] HugeTLB registered 2 MB page size, pre-allocated 0 pages
[    1.277810] zbud: loaded
[    1.279780] VFS: Disk quotas dquot_6.6.0
[    1.281018] VFS: Dquot-cache hash table entries: 512 (order 0, 4096 bytes)
[    1.283937] squashfs: version 4.0 (2009/01/31) Phillip Lougher
[    1.286387] fuse init (API version 7.23)
[    1.288129] Key type big_key registered
[    1.289370] Allocating IMA MOK and blacklist keyrings.
[    1.293760] Key type asymmetric registered
[    1.295377] Asymmetric key parser 'x509' registered
[    1.297226] Block layer SCSI generic (bsg) driver version 0.4 loaded (major 249)
[    1.300956] io scheduler noop registered
[    1.302555] io scheduler deadline registered (default)
[    1.304546] io scheduler cfq registered
[    1.306003] pci_hotplug: PCI Hot Plug PCI Core version: 0.5
[    1.308803] pciehp: PCI Express Hot Plug Controller Driver version: 0.4
[    1.311316] ACPI: AC Adapter [AC] (on-line)
[    1.312982] input: Power Button as /devices/LNXSYSTM:00/LNXPWRBN:00/input/input0
[    1.315626] ACPI: Power Button [PWRF]
[    1.317502] input: Sleep Button as /devices/LNXSYSTM:00/LNXSLPBN:00/input/input1
[    1.320228] ACPI: Sleep Button [SLPF]
[    1.323221] GHES: HEST is not enabled!
[    1.323669] ACPI: Battery Slot [BAT0] (battery present)
[    1.327309] Serial: 8250/16550 driver, 32 ports, IRQ sharing enabled
[    1.350722] 00:02: ttyS0 at I/O 0x3f8 (irq = 4, base_baud = 115200) is a 16550A
[    1.359893] Linux agpgart interface v0.103
[    1.365913] loop: module loaded
[    1.368499] scsi host0: ata_piix
[    1.370115] scsi host1: ata_piix
[    1.371360] ata1: PATA max UDMA/33 cmd 0x1f0 ctl 0x3f6 bmdma 0xd000 irq 14
[    1.374307] ata2: PATA max UDMA/33 cmd 0x170 ctl 0x376 bmdma 0xd008 irq 15
[    1.378398] libphy: Fixed MDIO Bus: probed
[    1.379915] tun: Universal TUN/TAP device driver, 1.6
[    1.381461] tun: (C) 1999-2004 Max Krasnyansky <maxk@qualcomm.com>
[    1.383777] PPP generic driver version 2.4.2
[    1.385456] ehci_hcd: USB 2.0 'Enhanced' Host Controller (EHCI) Driver
[    1.387947] ehci-pci: EHCI PCI platform driver
[    1.389382] ehci-platform: EHCI generic platform driver
[    1.392786] ohci_hcd: USB 1.1 'Open' Host Controller (OHCI) Driver
[    1.394823] ohci-pci: OHCI PCI platform driver
[    1.397282] ohci-platform: OHCI generic platform driver
[    1.399770] uhci_hcd: USB Universal Host Controller Interface driver
[    1.401970] i8042: PNP: PS/2 Controller [PNP0303:PS2K,PNP0f03:PS2M] at 0x60,0x64 irq 1,12
[    1.405425] serio: i8042 KBD port at 0x60,0x64 irq 1
[    1.407600] serio: i8042 AUX port at 0x60,0x64 irq 12
[    1.410030] mousedev: PS/2 mouse device common for all mice
[    1.412474] input: AT Translated Set 2 keyboard as /devices/platform/i8042/serio0/input/input2
[    1.415944] rtc_cmos rtc_cmos: rtc core: registered rtc_cmos as rtc0
[    1.418453] rtc_cmos rtc_cmos: alarms up to one day, 114 bytes nvram
[    1.420508] i2c /dev entries driver
[    1.421927] device-mapper: uevent: version 1.0.3
[    1.424050] device-mapper: ioctl: 4.34.0-ioctl (2015-10-28) initialised: dm-devel@redhat.com
[    1.426883] ledtrig-cpu: registered to indicate activity on CPUs
[    1.430163] NET: Registered protocol family 10
[    1.432385] NET: Registered protocol family 17
[    1.434149] Key type dns_resolver registered
[    1.435877] registered taskstats version 1
[    1.437295] Loading compiled-in X.509 certificates
[    1.440601] Loaded X.509 cert 'Build time autogenerated kernel key: c2b7431ed9258328a3a0cf301f850647788d8e61'
[    1.444442] zswap: loaded using pool lzo/zbud
[    1.448804] Key type trusted registered
[    1.458601] Key type encrypted registered
[    1.460544] AppArmor: AppArmor sha1 policy hashing enabled
[    1.462423] ima: No TPM chip found, activating TPM-bypass!
[    1.464220] ima: Allocated hash algorithm: sha1
[    1.465839] evm: HMAC attrs: 0x1
[    1.467967]   Magic number: 0:784:538
[    1.469503] tty ttyS18: hash matches
[    1.471026] rtc_cmos rtc_cmos: setting system clock to 2020-04-23 15:31:38 UTC (1587655898)
[    1.474423] BIOS EDD facility v0.16 2004-Jun-25, 0 devices found
[    1.476458] EDD information not available.
[    1.559624] Freeing unused kernel memory: 1488K
[    1.561213] Write protecting the kernel read-only data: 14336k
[    1.564072] Freeing unused kernel memory: 1604K
[    1.566098] Freeing unused kernel memory: 64K
Loading, please wait...
starting version 229
[    1.588910] random: systemd-udevd: uninitialized urandom read (16 bytes read, 3 bits of entropy available)
[    1.590679] random: udevadm: uninitialized urandom read (16 bytes read, 3 bits of entropy available)
[    1.590716] random: udevadm: uninitialized urandom read (16 bytes read, 3 bits of entropy available)
[    1.605898] random: udevadm: uninitialized urandom read (16 bytes read, 3 bits of entropy available)
[    1.605949] random: udevadm: uninitialized urandom read (16 bytes read, 3 bits of entropy available)
[    1.606097] random: udevadm: uninitialized urandom read (16 bytes read, 3 bits of entropy available)
[    1.606149] random: udevadm: uninitialized urandom read (16 bytes read, 3 bits of entropy available)
[    1.606201] random: udevadm: uninitialized urandom read (16 bytes read, 3 bits of entropy available)
[    1.606252] random: udevadm: uninitialized urandom read (16 bytes read, 3 bits of entropy available)
[    1.606302] random: udevadm: uninitialized urandom read (16 bytes read, 3 bits of entropy available)
[    1.682992] Fusion MPT base driver 3.04.20
[    1.684501] Copyright (c) 1999-2008 LSI Corporation
[    1.688100] e1000: Intel(R) PRO/1000 Network Driver - version 7.3.21-k8-NAPI
[    1.690687] e1000: Copyright (c) 1999-2006 Intel Corporation.
[    1.700877] Fusion MPT SPI Host driver 3.04.20
[    1.733221] AVX2 version of gcm_enc/dec engaged.
[    1.735016] AES CTR mode by8 optimization enabled
[    1.941385] input: ImExPS/2 Generic Explorer Mouse as /devices/platform/i8042/serio1/input/input4
[    2.275615] e1000 0000:00:03.0 eth0: (PCI:33MHz:32-bit) 02:90:e9:96:cf:60
[    2.278542] e1000 0000:00:03.0 eth0: Intel(R) PRO/1000 Network Connection
[    3.159034] e1000 0000:00:08.0 eth1: (PCI:33MHz:32-bit) 08:00:27:95:f8:67
[    3.161310] e1000 0000:00:08.0 eth1: Intel(R) PRO/1000 Network Connection
[    3.164895] mptbase: ioc0: Initiating bringup
[    3.165663] e1000 0000:00:08.0 enp0s8: renamed from eth1
[    3.176121] e1000 0000:00:03.0 enp0s3: renamed from eth0
[    3.238988] ioc0: LSI53C1030 A0: Capabilities={Initiator}
[    3.403187] scsi host2: ioc0: LSI53C1030 A0, FwRev=00000000h, Ports=1, MaxQ=256, IRQ=20
[    3.519843] scsi 2:0:0:0: Direct-Access     VBOX     HARDDISK         1.0  PQ: 0 ANSI: 5
[    3.535429] scsi target2:0:0: Beginning Domain Validation
[    3.539850] scsi target2:0:0: Domain Validation skipping write tests
[    3.542359] scsi target2:0:0: Ending Domain Validation
[    3.544378] scsi target2:0:0: asynchronous
[    3.546961] scsi 2:0:1:0: Direct-Access     VBOX     HARDDISK         1.0  PQ: 0 ANSI: 5
[    3.550205] scsi target2:0:1: Beginning Domain Validation
[    3.554907] scsi target2:0:1: Domain Validation skipping write tests
[    3.557874] scsi target2:0:1: Ending Domain Validation
[    3.560200] scsi target2:0:1: asynchronous
[    3.574081] sd 2:0:0:0: [sda] 20971520 512-byte logical blocks: (10.7 GB/10.0 GiB)
[    3.574333] sd 2:0:0:0: Attached scsi generic sg0 type 0
[    3.581762] sd 2:0:0:0: [sda] Write Protect is off
[    3.582751] sd 2:0:1:0: [sdb] 20480 512-byte logical blocks: (10.5 MB/10.0 MiB)
[    3.583079] sd 2:0:1:0: [sdb] Write Protect is off
[    3.583277] sd 2:0:1:0: [sdb] Incomplete mode parameter data
[    3.583279] sd 2:0:1:0: [sdb] Assuming drive cache: write through
[    3.596717] sd 2:0:1:0: Attached scsi generic sg1 type 0
[    3.601817] sd 2:0:0:0: [sda] Incomplete mode parameter data
[    3.612671] sd 2:0:0:0: [sda] Assuming drive cache: write through
[    3.613177] sd 2:0:1:0: [sdb] Attached SCSI disk
[    3.623799]  sda: sda1
[    3.634604] sd 2:0:0:0: [sda] Attached SCSI disk
Begin: Loading essential drivers ... [    5.260465] md: linear personality registered for level -1
[    5.269035] md: multipath personality registered for level -4
[    5.280711] md: raid0 personality registered for level 0
[    5.292845] md: raid1 personality registered for level 1
[    5.371165] raid6: sse2x1   gen()  3834 MB/s
[    5.439776] raid6: sse2x1   xor()  2118 MB/s
[    5.519152] raid6: sse2x2   gen()  2611 MB/s
[    5.592864] raid6: sse2x2   xor()  3322 MB/s
[    5.659885] raid6: sse2x4   gen()  7143 MB/s
[    5.726829] raid6: sse2x4   xor()  4566 MB/s
[    5.794786] raid6: avx2x1   gen()  8853 MB/s
[    5.863124] raid6: avx2x2   gen() 12456 MB/s
[    5.931070] raid6: avx2x4   gen() 11563 MB/s
[    5.933107] raid6: using algorithm avx2x2 gen() 12456 MB/s
[    5.935198] raid6: using avx2x2 recovery algorithm
[    5.939342] xor: automatically using best checksumming function:
[    5.982832]    avx       : 19757.000 MB/sec
[    5.985773] async_tx: api initialized (async)
[    6.017165] md: raid6 personality registered for level 6
[    6.020237] md: raid5 personality registered for level 5
[    6.021951] md: raid4 personality registered for level 4
[    6.036648] md: raid10 personality registered for level 10
done.
Begin: Running /scripts/init-premount ... done.
Begin: Mounting root file system ... Begin: Running /scripts/local-top ... done.
Begin: Running /scripts/local-premount ... [    6.098886] Btrfs loaded
Scanning for Btrfs filesystems
done.
Warning: fsck not present, so skipping root file system
[    6.168266] EXT4-fs (sda1): mounted filesystem with ordered data mode. Opts: (null)
done.
Begin: Running /scripts/local-bottom ... done.
Begin: Running /scripts/init-bottom ... done.
[    6.401164] systemd[1]: systemd 229 running in system mode. (+PAM +AUDIT +SELINUX +IMA +APPARMOR +SMACK +SYSVINIT +UTMP +LIBCRYPTSETUP +GCRYPT +GNUTLS +ACL +XZ -LZ4 +SECCOMP +BLKID +ELFUTILS +KMOD -IDN)
[    6.406925] systemd[1]: Detected virtualization oracle.
[    6.409312] systemd[1]: Detected architecture x86-64.

Welcome to [1mUbuntu 16.04.6 LTS[0m!

[    6.416953] systemd[1]: Set hostname to <ubuntu>.
[    6.423681] systemd[1]: Initializing machine ID from random generator.
[    6.426186] systemd[1]: Installed transient /etc/machine-id file.
[    6.866832] systemd[1]: Reached target Encrypted Volumes.
[[0;32m  OK  [0m] Reached target Encrypted Volumes.
[    6.873142] systemd[1]: Set up automount Arbitrary Executable File Formats File System Automount Point.
[[0;32m  OK  [0m] Set up automount Arbitrary Executab...ats File System Automount Point.
[    6.882140] systemd[1]: Reached target User and Group Name Lookups.
[[0;32m  OK  [0m] Reached target User and Group Name Lookups.
[    6.886484] systemd[1]: Listening on /dev/initctl Compatibility Named Pipe.
[[0;32m  OK  [0m] Listening on /dev/initctl Compatibility Named Pipe.
[    6.892444] systemd[1]: Started Trigger resolvconf update for networkd DNS.
[[0;32m  OK  [0m] Started Trigger resolvconf update for networkd DNS.
[    6.896662] systemd[1]: Listening on LVM2 metadata daemon socket.
[[0;32m  OK  [0m] Listening on LVM2 metadata daemon socket.
[    6.901017] systemd[1]: Listening on udev Kernel Socket.
[[0;32m  OK  [0m] Listening on udev Kernel Socket.
[    6.904246] systemd[1]: Listening on Journal Socket.
[[0;32m  OK  [0m] Listening on Journal Socket.
[    6.908038] systemd[1]: Listening on Syslog Socket.
[[0;32m  OK  [0m] Listening on Syslog Socket.
[    6.911209] systemd[1]: Listening on Journal Audit Socket.
[[0;32m  OK  [0m] Listening on Journal Audit Socket.
[    6.914923] systemd[1]: Listening on Device-mapper event daemon FIFOs.
[[0;32m  OK  [0m] Listening on Device-mapper event daemon FIFOs.
[    6.919972] systemd[1]: Created slice User and Session Slice.
[[0;32m  OK  [0m] Created slice User and Session Slice.
[    6.924455] systemd[1]: Created slice System Slice.
[[0;32m  OK  [0m] Created slice System Slice.
[    6.939738] systemd[1]: Starting Uncomplicated firewall...
         Starting Uncomplicated firewall...
[    6.945233] systemd[1]: Reached target Slices.
[[0;32m  OK  [0m] Reached target Slices.
[    6.954907] systemd[1]: Starting Load Kernel Modules...
         Starting Load Kernel Modules...
[    6.960051] systemd[1]: Mounting Huge Pages File System...
         Mounting Huge Pages File System...
[    6.965308] systemd[1]: Starting Nameserver information manager...
         Starting Nameserver information manager...
[    6.974439] systemd[1]: Mounting POSIX Message Queue File System...
         Mounting POSIX Message Queue File System...
[    6.979084] Loading iSCSI transport class v2.0-870.
[    6.979932] systemd[1]: Starting Remount Root and Kernel File Systems...
         Starting Remount Root and Kernel File Systems...
[    6.987174] systemd[1]: Reached target System Time Synchronized.
[[0;32m  OK  [0m] Reached target System Time Synchronized.
[    6.994219] systemd[1]: Listening on Journal Socket (/dev/log).
[    6.996655] EXT4-fs (sda1): re-mounted. Opts: (null)
[[0;32m  OK  [0m] Listening on Journal Socket (/dev/log).
[    7.005121] iscsi: registered transport (tcp)
[    7.011349] systemd[1]: Starting Journal Service...
         Starting Journal Service...
[    7.018453] systemd[1]: Starting Monitoring of LVM2 mirrors, snapshots etc. using dmeventd or progress polling...
         Starting Monitoring of LVM2 mirrors... dmeventd or progress polling...
[    7.037297] systemd[1]: Starting Create list of required static device nodes for the current kernel...
         Starting Create list of required st... nodes for the current kernel...
[    7.062851] systemd[1]: Created slice system-serial\x2dgetty.slice.
[[0;32m  OK  [0m] Created slice system-serial\x2dgetty.slice.
[    7.070290] systemd[1]: Listening on udev Control Socket.
[[0;32m  OK  [0m] Listening on udev Control Socket.
[    7.098950] systemd[1]: Mounting Debug File System...
         Mounting Debug File System...
[    7.102472] systemd[1]: Reached target Swap.
[[0;32m  OK  [0m] Reached target Swap.
[    7.108904] iscsi: registered transport (iser)
[    7.109111] systemd[1]: Started Forward Password Requests to Wall Directory Watch.
[[0;32m  OK  [0m] Started Forward Password Requests to Wall Directory Watch.
[    7.116456] systemd[1]: Starting Set console keymap...
         Starting Set console keymap...
[    7.121650] systemd[1]: Listening on LVM2 poll daemon socket.
[[0;32m  OK  [0m] Listening on LVM2 poll daemon socket.
[    7.129253] systemd[1]: Mounted POSIX Message Queue File System.
[[0;32m  OK  [0m] Mounted POSIX Message Queue File System.
[    7.135220] systemd[1]: Mounted Huge Pages File System.
[[0;32m  OK  [0m] Mounted Huge Pages File System.
[    7.143204] systemd[1]: Mounted Debug File System.
[[0;32m  OK  [0m] Mounted Debug File System.
[    7.147223] systemd[1]: Started Journal Service.
[[0;32m  OK  [0m] Started Journal Service.
[[0;32m  OK  [0m] Started Uncomplicated firewall.
[[0;32m  OK  [0m] Started Load Kernel Modules.
[[0;32m  OK  [0m] Started Remount Root and Kernel File Systems.
[[0;32m  OK  [0m] Started Create list of required sta...ce nodes for the current kernel.
[[0;32m  OK  [0m] Started Set console keymap.
[[0;32m  OK  [0m] Started Nameserver information manager.
[[0;32m  OK  [0m] Started LVM2 metadata daemon.
         Starting Create Static Device Nodes in /dev...
         Starting Load/Save Random Seed...
         Starting udev Coldplug all Devices...
         Mounting FUSE Control File System...
         Starting Apply Kernel Variables...
         Starting Flush Journal to Persistent Storage...
[[0;32m  OK  [0m] Mounted FUSE Control File System.
[[0;32m  OK  [0m] Started Load/Save Random Seed.
[    7.262064] systemd-journald[389]: Received request to flush runtime journal from PID 1
[[0;32m  OK  [0m] Started Flush Journal to Persistent Storage.
[[0;32m  OK  [0m] Started Apply Kernel Variables.
[[0;32m  OK  [0m] Started Create Static Device Nodes in /dev.
         Starting udev Kernel Device Manager...
[[0;32m  OK  [0m] Started udev Coldplug all Devices.
[[0;32m  OK  [0m] Started udev Kernel Device Manager.
[[0;32m  OK  [0m] Started Dispatch Password Requests to Console Directory Watch.
[[0;32m  OK  [0m] Started Monitoring of LVM2 mirrors,...ng dmeventd or progress polling.
[[0;32m  OK  [0m] Reached target Local File Systems (Pre).
[[0;32m  OK  [0m] Reached target Local File Systems.
         Starting Create Volatile Files and Directories...
         Starting Set console font and keymap...
         Starting Initial cloud-init job (pre-networking)...
         Starting Tell Plymouth To Write Out Runtime Data...
         Starting Commit a transient machine-id on disk...
         Starting LSB: AppArmor initialization...
[[0;32m  OK  [0m] Started Create Volatile Files and Directories.
         Starting Update UTMP about System Boot/Shutdown...
[[0;32m  OK  [0m] Started Tell Plymouth To Write Out Runtime Data.
[[0;32m  OK  [0m] Started Update UTMP about System Boot/Shutdown.
[[0;32m  OK  [0m] Started Commit a transient machine-id on disk.
[[0;32m  OK  [0m] Found device /dev/ttyS0.
[[0;32m  OK  [0m] Listening on Load/Save RF Kill Switch Status /dev/rfkill Watch.
[[0;32m  OK  [0m] Started LSB: AppArmor initialization.
[   10.925317] cloud-init[505]: Cloud-init v. 19.4-33-gbb4131a2-0ubuntu1~16.04.1 running 'init-local' at Thu, 23 Apr 2020 15:31:47 +0000. Up 9.93 seconds.
[[0;32m  OK  [0m] Started Set console font and keymap.
[[0;32m  OK  [0m] Started Initial cloud-init job (pre-networking).
[[0;32m  OK  [0m] Reached target Network (Pre).
         Starting Raise network interfaces...
[[0;32m  OK  [0m] Created slice system-getty.slice.
[[0;32m  OK  [0m] Started Raise network interfaces.
[[0;32m  OK  [0m] Reached target Network.
         Starting Initial cloud-init job (metadata service crawler)...
[   12.938268] cloud-init[963]: Cloud-init v. 19.4-33-gbb4131a2-0ubuntu1~16.04.1 running 'init' at Thu, 23 Apr 2020 15:31:49 +0000. Up 12.07 seconds.
[   12.946453] cloud-init[963]: ci-info: ++++++++++++++++++++++++++++++++++++++Net device info+++++++++++++++++++++++++++++++++++++++
[   12.952780] cloud-init[963]: ci-info: +--------+-------+----------------------------+---------------+--------+-------------------+
[   12.961397] cloud-init[963]: ci-info: | Device |   Up  |          Address           |      Mask     | Scope  |     Hw-Address    |
[   12.973070] cloud-init[963]: ci-info: +--------+-------+----------------------------+---------------+--------+-------------------+
[   12.985204] cloud-init[963]: ci-info: | enp0s3 |  True |         10.0.2.15          | 255.255.255.0 | global | 02:90:e9:96:cf:60 |
[   12.991240] cloud-init[963]: ci-info: | enp0s3 |  True | fe80::90:e9ff:fe96:cf60/64 |       .       |  link  | 02:90:e9:96:cf:60 |
[   13.001724] cloud-init[963]: ci-info: | enp0s8 | False |             .              |       .       |   .    | 08:00:27:95:f8:67 |
[   13.007419] cloud-init[963]: ci-info: |   lo   |  True |         127.0.0.1          |   255.0.0.0   |  host  |         .         |
[   13.015173] cloud-init[963]: ci-info: |   lo   |  True |          ::1/128           |       .       |  host  |         .         |
[   13.022110] cloud-init[963]: ci-info: +--------+-------+----------------------------+---------------+--------+-------------------+
[   13.033139] cloud-init[963]: ci-info: +++++++++++++++++++++++++++Route IPv4 info++++++++++++++++++++++++++++
[   13.046012] cloud-init[963]: ci-info: +-------+-------------+----------+---------------+-----------+-------+
[   13.057358] cloud-init[963]: ci-info: | Route | Destination | Gateway  |    Genmask    | Interface | Flags |
[   13.061000] cloud-init[963]: ci-info: +-------+-------------+----------+---------------+-----------+-------+
[   13.067501] cloud-init[963]: ci-info: |   0   |   0.0.0.0   | 10.0.2.2 |    0.0.0.0    |   enp0s3  |   UG  |
[   13.071600] cloud-init[963]: ci-info: |   1   |   10.0.2.0  | 0.0.0.0  | 255.255.255.0 |   enp0s3  |   U   |
[   13.075905] cloud-init[963]: ci-info: +-------+-------------+----------+---------------+-----------+-------+
[   13.082017] cloud-init[963]: ci-info: +++++++++++++++++++Route IPv6 info+++++++++++++++++++
[   13.085181] cloud-init[963]: ci-info: +-------+-------------+---------+-----------+-------+
[   13.088590] cloud-init[963]: ci-info: | Route | Destination | Gateway | Interface | Flags |
[   13.091945] cloud-init[963]: ci-info: +-------+-------------+---------+-----------+-------+
[   13.101073] cloud-init[963]: ci-info: |   0   |  fe80::/64  |    ::   |   enp0s3  |   U   |
[   13.109061] cloud-init[963]: ci-info: |   3   |   ff00::/8  |    ::   |   enp0s3  |   U   |
[   13.120722] cloud-init[963]: ci-info: +-------+-------------+---------+-----------+-------+
[   13.123473] cloud-init[963]: Generating public/private rsa key pair.
[   13.125570] cloud-init[963]: Your identification has been saved in /etc/ssh/ssh_host_rsa_key.
[   13.130013] cloud-init[963]: Your public key has been saved in /etc/ssh/ssh_host_rsa_key.pub.
[[0;32m  OK  [0m] Started Initial cloud-init job (metadata service crawler).
[[0;32m  OK  [0m] Reached target Cloud-config availability.
[[0;32m  OK  [0m] Reached target System Initialization.
         [   13.140312] cloud-init[963]: The key fingerprint is:
[   13.156445] cloud-init[963]: SHA256:CLQciSJOMF/0+41KdNf28EvF5xGKHtxVsr1DsTp12Mw root@ubuntu-xenial
[   13.156495] cloud-init[963]: The key's randomart image is:
[   13.156535] cloud-init[963]: +---[RSA 2048]----+
[   13.156575] cloud-init[963]: |+  o=.        ...|
Starting Socket activation for snappy daemon.
[[0;32m  OK  [0m] Started Daily Cleanup of Temporary Directories.
[[0;32m  OK  [0m] Started Daily apt download activities.
[   13.156943] cloud-init[963]: |o+.+.+         O+|
[   13.233093] cloud-init[963]: |+.. + .       o*E|
[   13.258045] cloud-init[963]: | .   . o  ..o *.+|
[[0;32m  OK  [0m] Started ACPI Events Check.
[[0;32m  OK  [0m] Reached target Paths.
[   13.258993] cloud-init[963]: |      + S .++= ++|
[[0;32m  OK  [0m] Listening on ACPID Listen Socket.
[   13.269348] cloud-init[963]: |     . o +...+.o+|
[[0;32m  OK  [0m] [   13.283373] Started Message of the Day.cloud-init
[963]: |      . o ..  + .|
[   13.298443] cloud-init[963]: |     . .     . . |
[[0;32m  OK  [0m] Started Daily apt upgrade and clean activities.
[   13.299126] cloud-init[963]: |      .       .  |
[   13.303407] cloud-init[963]: +----[SHA256]-----+
[[0;32m  OK  [0m] Reached target Timers.
[   13.304185] cloud-init[963]: Generating public/private dsa key pair.
         Starting LXD - unix socket.
[[   13.309927] [0;32m  OK  [0mcloud-init] [963]: Listening on D-Bus System Message Bus Socket.Your identification has been saved in /etc/ssh/ssh_host_dsa_key.

[   13.330132] cloud-init[963]: Your public key has been saved in /etc/ssh/ssh_host_dsa_key.pub.
[[0;32m  OK  [0m] Listening on UUID daemon activation socket.
[   13.331519] cloud-init[963]: The key fingerprint is:
[   13.334885] cloud-init[963]: SHA256:p/neVfsdhrVqC7vRCOfyC8bPyEw5XCkWyAaou4An5rc root@ubuntu-xenial
[[0;32m  OK  [0m] Reached target Network is Online.
[   13.335109] cloud-init[963]: The key's randomart image is:
[   13.348776] cloud-init[963]: +---[DSA 1024]----+
[   13.350340] cloud-init[963]: |    ..           |
[   13.352065] cloud-init[963]: |   .  o .        |
[   13.353758] cloud-init[963]: |  .    + .       |
         [   13.356223] cloud-init[963]: | .    .   . .    |
[   13.357190] cloud-init[963]: |. .     S+.+   ..|
[   13.357366] cloud-init[963]: |+o.     ++B o o.o|
[   13.357409] cloud-init[963]: |+o.     oX = o.= |
[   13.357450] cloud-init[963]: | o .    =.O.+oo +|
[   13.357488] cloud-init[963]: |  .E.    =oB=o. o|
[   13.357527] cloud-init[963]: +----[SHA256]-----+
[   13.357565] cloud-init[963]: Generating public/private ecdsa key pair.
[   13.357725] cloud-init[963]: Your identification has been saved in /etc/ssh/ssh_host_ecdsa_key.
[   13.357771] cloud-init[963]: Your public key has been saved in /etc/ssh/ssh_host_ecdsa_key.pub.
[   13.357810] cloud-init[963]: The key fingerprint is:
[   13.357848] cloud-init[963]: SHA256:WNp2f7jzncrw7JI/iXgHCDmIhAhIMkNBRLcu02wuRIE root@ubuntu-xenial
[   13.357888] cloud-init[963]: The key's randomart image is:
[   13.358199] cloud-init[963]: +---[ECDSA 256]---+
[   13.358258] cloud-init[963]: |/Oo.             |
[   13.358296] cloud-init[963]: |E+o..            |
[   13.358334] cloud-init[963]: | .... . o        |
[   13.358372] cloud-init[963]: |. +. . O         |
[   13.358410] cloud-init[963]: | + =  o S o      |
[   13.358448] cloud-init[963]: |. =    . o o .   |
[   13.358492] cloud-init[963]: | . .      ..* o  |
[   13.358530] cloud-init[963]: |  .      . =** ..|
[   13.358569] cloud-init[963]: |          . *X+..|
Starting iSCSI initiator daemon (iscsid)...
[[0;32m  OK  [0m] Listening on Socket activation for snappy daemon.
[[0;32m  OK  [0m] Listening on LXD - unix socket.
[[0;32m  OK  [0m] Reached target Sockets.[   13.362215] cloud-init
[[0;32m  OK  [0m] Reached target Basic System.
[963]: +----[SHA256]-----+
[   13.402180] cloud-init[963]: Generating public/private ed25519 key pair.
[   13.405303] cloud-init[963]: Your identification has been saved in /etc/ssh/ssh_host_ed25519_key.
[   13.409357] cloud-init[963]: Your public key has been saved in /etc/ssh/ssh_host_ed25519_key.pub.
[   13.416317] cloud-init[963]: The key fingerprint is:
         Starting /etc/rc.local Compatibility...
[   13.420913] cloud-init[963]: SHA256:86B9Tyi4Cauv9004SJ6h18MlAV0dN3/i5D2/wxFFL8g root@ubuntu-xenial
[   13.429039] cloud-init[963]: The key's randomart image is:
         Starting System Logging Service...[   13.433814] cloud-init[963]: +--[ED25519 256]--+
[   13.435640] cloud-init[963]: |    .. .....o  ..|

[   13.438170] cloud-init[963]: |     ..   .o +  o|[[0;32m  OK  [0m] Started ACPI event daemon.
[[0;32m  OK  [0m] Started Regular background program processing daemon.

[   13.452351] cloud-init[963]: |      .     E = +|
[[0;32m  OK  [0m] Started Deferred execution scheduler.
         Starting Login Service...
[[0;32m  OK  [0m] Started D-Bus System Message Bus.
[   13.456531] cloud-init[963]: |       .     + * |
[   13.487078] cloud-init[963]: |    o . S     o.o|
[   13.490789] cloud-init[963]: |   + * B + .   .o|
[   13.494230] cloud-init[963]: |  . * O + + . . o|
[   13.499732] cloud-init[963]: |   ..o B o o   o.|
[   13.503196] cloud-init[963]: |  o=o.+ .   .  ..|
[   13.505723] cloud-init[963]: +----[SHA256]-----+
         Starting LSB: Record successful boot for GRUB...
[[0;32m  OK  [0m] Started FUSE filesystem for LXC.
         Starting Virtualbox guest utils...
         Starting LXD - container startup/shutdown...
         Starting Accounts Service...
         Starting Pollinate to seed the pseudo random number generator...
         Starting LSB: MD monitoring daemon...
         Starting Snappy daemon...
[[0;32m  OK  [0m] Started System Logging Service.
[[0;32m  OK  [0m] Started /etc/rc.local Compatibility.
[[0;32m  OK  [0m] Started iSCSI initiator daemon (iscsid).
[[0;32m  OK  [0m] Started Login Service.
[[0;32m  OK  [0m] Started Unattended Upgrades Shutdown.
         Starting Login to default iSCSI targets...
         Starting Authenticate and Authorize Users to Run Privileged Tasks...
[[0;32m  OK  [0m] Started LSB: MD monitoring daemon.
[[0;32m  OK  [0m] Started LSB: Record successful boot for GRUB.
[[0;32m  OK  [0m] Started Authenticate and Authorize Users to Run Privileged Tasks.
[[0;32m  OK  [0m] Started Accounts Service.
[[0;32m  OK  [0m] Started Login to default iSCSI targets.
[[0;32m  OK  [0m] Reached target Remote File Systems (Pre).
[[0;32m  OK  [0m] Reached target Remote File Systems.
         Starting LSB: daemon to balance interrupts for SMP systems...
         Starting LSB: automatic crash report generation...
         Starting Permit User Sessions...
         Starting LSB: Set the CPU Frequency Scaling governor to "ondemand"...
[[0;32m  OK  [0m] Started LXD - container startup/shutdown.
[[0;32m  OK  [0m] Started Permit User Sessions.
         Starting Terminate Plymouth Boot Screen...
         Starting Hold until boot process finishes up...
[[0;32m  OK  [0m] Started Terminate Plymouth Boot Screen.
[[0;32m  OK  [0m] Started Hold until boot process finishes up.
         Starting Set console scheme...
[[0;32m  OK  [0m] Started Serial Getty on ttyS0.
[[0;32m  OK  [0m] Started Getty on tty1.
[[0;32m  OK  [0m] Reached target Login Prompts.
[[0;32m  OK  [0m] Started LSB: daemon to balance interrupts for SMP systems.
[[0;32m  OK  [0m] Started Set console scheme.
[[0;32m  OK  [0m] Started LSB: Set the CPU Frequency Scaling governor to "ondemand".
[[0;32m  OK  [0m] Started Virtualbox guest utils.
[[0;32m  OK  [0m] Started LSB: automatic crash report generation.
[[0;32m  OK  [0m] Started Snappy daemon.
         Starting Wait until snapd is fully seeded...
[[0;32m  OK  [0m] Started Pollinate to seed the pseudo random number generator.
         Starting OpenBSD Secure Shell server...
[[0;32m  OK  [0m] Started OpenBSD Secure Shell server.
[[0;32m  OK  [0m] Started Wait until snapd is fully seeded.
         Starting Apply the settings specified in cloud-config...
[[0;32m  OK  [0m] Reached target Multi-User System.
[[0;32m  OK  [0m] Reached target Graphical Interface.
         Starting Update UTMP about System Runlevel Changes...
[[0;32m  OK  [0m] Started Update UTMP about System Runlevel Changes.
[   17.384519] cloud-init[1326]: Generating locales (this might take a while)...
[[0;32m  OK  [0m] Created slice User Slice of vagrant.
         Starting User Manager for UID 1000...
[[0;32m  OK  [0m] Started Session 1 of user vagrant.
[   18.554189] cloud-init[1326]:   en_US.UTF-8... done
[   18.557297] cloud-init[1326]: Generation complete.
[[0;32m  OK  [0m] Started User Manager for UID 1000.
[   19.455641] cloud-init[1326]: Cloud-init v. 19.4-33-gbb4131a2-0ubuntu1~16.04.1 running 'modules:config' at Thu, 23 Apr 2020 15:31:54 +0000. Up 17.21 seconds.

Ubuntu 16.04.6 LTS ubuntu-xenial ttyS0

ubuntu-xenial login: ci-info: no authorized SSH keys fingerprints found for user ubuntu.
<14>Apr 23 15:31:58 ec2: 
<14>Apr 23 15:31:58 ec2: #############################################################
<14>Apr 23 15:31:58 ec2: -----BEGIN SSH HOST KEY FINGERPRINTS-----
<14>Apr 23 15:31:58 ec2: 1024 SHA256:p/neVfsdhrVqC7vRCOfyC8bPyEw5XCkWyAaou4An5rc root@ubuntu-xenial (DSA)
<14>Apr 23 15:31:58 ec2: 256 SHA256:WNp2f7jzncrw7JI/iXgHCDmIhAhIMkNBRLcu02wuRIE root@ubuntu-xenial (ECDSA)
<14>Apr 23 15:31:58 ec2: 256 SHA256:86B9Tyi4Cauv9004SJ6h18MlAV0dN3/i5D2/wxFFL8g root@ubuntu-xenial (ED25519)
<14>Apr 23 15:31:58 ec2: 2048 SHA256:CLQciSJOMF/0+41KdNf28EvF5xGKHtxVsr1DsTp12Mw root@ubuntu-xenial (RSA)
<14>Apr 23 15:31:58 ec2: -----END SSH HOST KEY FINGERPRINTS-----
<14>Apr 23 15:31:58 ec2: #############################################################
-----BEGIN SSH HOST KEY KEYS-----
ecdsa-sha2-nistp256 AAAAE2VjZHNhLXNoYTItbmlzdHAyNTYAAAAIbmlzdHAyNTYAAABBBA0Pl9Xnxf4d8OI8o/mUCjd9sqpAlqULsvZjlAdKMeUg9VTvm/OCYTxKh+MvBOHxvbgsa/zHRyp8+LCp9kSeNUA= root@ubuntu-xenial
ssh-ed25519 AAAAC3NzaC1lZDI1NTE5AAAAIGYUOab+gx9PtzPPAEvkLlz8qLleX1i7+42KxCyUNGuS root@ubuntu-xenial
ssh-rsa AAAAB3NzaC1yc2EAAAADAQABAAABAQDTZGufzb4zoslEFNQk/w1jqsDBtEt0jpTwcZBxYN/N3UaxdATM/9pGIg9vaRHudHDd/vmHCXQTRCHBFbB9lySYLOGxQbxTeP+Fd0dLeBJxOo1VLKWlVnDgPQvoFfdc4tAxZXV0ZGZyGut+OvKjl7Ox6xjmiaxzsl0w/+FernT9MHdxeQI9NFyVJxQf2MeHQj2AerJbwWUaEwLgjz1K0VwxxTbakFgyDBSdDtWdQiCfJ50/z+WGnFpGkrVDqW+mpadQ6cAscqW1S4M76vhioSChw7Nq+Gk+RVspMhvk7V9R9Gp/M0olYixxnZFvYnCOl2ZfHL4L0Zik56bfAZQaQh43 root@ubuntu-xenial
-----END SSH HOST KEY KEYS-----
[   20.919398] cloud-init[1442]: Cloud-init v. 19.4-33-gbb4131a2-0ubuntu1~16.04.1 running 'modules:final' at Thu, 23 Apr 2020 15:31:57 +0000. Up 20.50 seconds.
[   20.936703] cloud-init[1442]: ci-info: no authorized SSH keys fingerprints found for user ubuntu.
[   20.941487] cloud-init[1442]: Cloud-init v. 19.4-33-gbb4131a2-0ubuntu1~16.04.1 finished at Thu, 23 Apr 2020 15:31:58 +0000. Datasource DataSourceNoCloud [seed=/dev/sdb][dsmode=net].  Up 20.90 seconds
